[21:04:05] [main/INFO] (FabricLoader/GameProvider) Loading Minecraft 1.20.1 with Fabric Loader 0.19.3
[21:04:06] [ForkJoinPool-1-worker-7/WARN] (FabricLoader/Metadata) Mod origins-diversity uses the version ${version} which isn't compatible with Loader's extended semantic version format (Could not parse version number component '${version}'!), SemVer is recommended for reliably evaluating dependencies and prioritizing newer version
[21:04:06] [main/INFO] (FabricLoader) Loading 73 mods:
	- additionalentityattributes 1.3.0+1.20.0
	- apoli 2.9.0
	- calio 1.11.0
	- cardinal-components-base 5.2.1
	- cardinal-components-entity 5.2.1
	- cloth-basic-math 0.6.1
	- cloth-config 11.0.99
	- fabric-api 0.92.9+1.20.1
	- fabric-api-base 0.4.32+1802ada577
	- fabric-api-lookup-api-v1 1.6.37+1802ada577
	- fabric-biome-api-v1 13.0.15+93aa238b77
	- fabric-block-api-v1 1.0.12+1802ada577
	- fabric-block-view-api-v2 1.0.3+924f046a77
	- fabric-blockrenderlayer-v1 1.1.42+1802ada577
	- fabric-client-tags-api-v1 1.1.3+1802ada577
	- fabric-command-api-v1 1.2.35+f71b366f77
	- fabric-command-api-v2 2.2.14+1802ada577
	- fabric-commands-v0 0.2.52+df3654b377
	- fabric-containers-v0 0.1.68+df3654b377
	- fabric-content-registries-v0 4.0.13+1802ada577
	- fabric-convention-tags-v1 1.5.6+1802ada577
	- fabric-crash-report-info-v1 0.2.20+1802ada577
	- fabric-data-attachment-api-v1 1.0.2+de0fd6d177
	- fabric-data-generation-api-v1 12.3.9+1802ada577
	- fabric-dimensions-v1 2.1.55+1802ada577
	- fabric-entity-events-v1 1.6.1+1c78457f77
	- fabric-events-interaction-v0 0.6.6+13a40c6677
	- fabric-events-lifecycle-v0 0.2.64+df3654b377
	- fabric-game-rule-api-v1 1.0.41+1802ada577
	- fabric-gametest-api-v1 1.2.15+1802ada577
	- fabric-item-api-v1 2.1.29+1802ada577
	- fabric-item-group-api-v1 4.0.14+1802ada577
	- fabric-key-binding-api-v1 1.0.38+1802ada577
	- fabric-keybindings-v0 0.2.36+df3654b377
	- fabric-lifecycle-events-v1 2.2.23+1802ada577
	- fabric-loot-api-v2 1.2.3+1802ada577
	- fabric-loot-tables-v1 1.1.47+9e7660c677
	- fabric-message-api-v1 5.1.10+1802ada577
	- fabric-mining-level-api-v1 2.1.52+1802ada577
	- fabric-model-loading-api-v1 1.0.4+1802ada577
	- fabric-models-v0 0.4.3+9386d8a777
	- fabric-networking-api-v1 1.3.15+0caff8d077
	- fabric-networking-v0 0.3.55+df3654b377
	- fabric-object-builder-api-v1 11.1.5+e35120df77
	- fabric-particles-v1 1.1.3+1802ada577
	- fabric-recipe-api-v1 1.0.25+1802ada577
	- fabric-registry-sync-v0 2.4.1+4c0a70e677
	- fabric-renderer-api-v1 3.2.2+1802ada577
	- fabric-renderer-indigo 1.5.3+85287f9f77
	- fabric-renderer-registries-v1 3.2.47+df3654b377
	- fabric-rendering-data-attachment-v1 0.3.39+92a0d36777
	- fabric-rendering-fluids-v1 3.0.29+1802ada577
	- fabric-rendering-v0 1.1.50+df3654b377
	- fabric-rendering-v1 3.0.9+1802ada577
	- fabric-resource-conditions-api-v1 2.3.9+1802ada577
	- fabric-resource-loader-v0 0.11.12+fb82e9d777
	- fabric-screen-api-v1 2.0.9+1802ada577
	- fabric-screen-handler-api-v1 1.3.34+1802ada577
	- fabric-sound-api-v1 1.0.14+1802ada577
	- fabric-transfer-api-v1 3.3.6+8dd72ea377
	- fabric-transitive-access-wideners-v1 4.3.2+1802ada577
	- fabricloader 0.19.3
	- java 24
	- kanos_config 0.4.1+1.14.4-1.19.4
	- minecraft 1.20.1
	- mixinextras 0.5.4
	- modmenu 7.2.2
	- origins 1.10.0
	- origins-diversity ${version}
	- pehkui 3.8.2+1.14.4-1.20.6
	- playerabilitylib 1.8.0
	- puffish_attributes 0.8.2
	- reach-entity-attributes 2.4.0
[21:04:10] [pool-2-thread-7/WARN] (FabricLoader/ModRemap) Cannot remap getDigSpeed because it does not exist in any of the targets [net/minecraft/class_1657]
[21:04:12] [main/INFO] (FabricLoader/Mixin) SpongePowered MIXIN Subsystem Version=0.8.7 Source=file:/C:/Users/JoaoGabriel/.gradle/caches/modules-2/files-2.1/net.fabricmc/sponge-mixin/0.17.3+mixin.0.8.7/41c4a3984a80f4679e759fb9f495587acc5cdac7/sponge-mixin-0.17.3+mixin.0.8.7.jar Service=Knot/Fabric Env=CLIENT
[21:04:12] [main/INFO] (FabricLoader/Mixin) Loaded Fabric development mappings for mixin remapper!
[21:04:12] [main/INFO] (FabricLoader/Mixin) Compatibility level set to JAVA_16
[21:04:12] [main/INFO] (FabricLoader/Mixin) Compatibility level set to JAVA_17
[21:04:13] [main/WARN] (FabricLoader/Mixin) Reference map 'puffish_attributes-refmap.json' for puffish_attributes.mixins.json could not be read. If this is a development environment you can ignore this message
[21:04:15] [main/INFO] (FabricLoader/MixinExtras|Service) Initializing MixinExtras via com.llamalad7.mixinextras.service.MixinExtrasServiceImpl(version=0.5.4).
[21:04:23] [Datafixer Bootstrap/INFO] (Minecraft) 188 Datafixer optimizations took 229 milliseconds
[21:04:25] [Render thread/INFO] (Minecraft) [STDERR]: [LWJGL] [ThreadLocalUtil] Unsupported JNI version detected, this may result in a crash. Please inform LWJGL developers.
[21:04:26] [Render thread/INFO] (Minecraft) Environment: authHost='https://authserver.mojang.com', accountsHost='https://api.mojang.com', sessionHost='https://sessionserver.mojang.com', servicesHost='https://api.minecraftservices.com', name='PROD'
[21:04:26] [Render thread/ERROR] (Minecraft) Failed to verify authentication
com.mojang.authlib.exceptions.InvalidCredentialsException: Status: 401
	at com.mojang.authlib.exceptions.MinecraftClientHttpException.toAuthenticationException(MinecraftClientHttpException.java:56) ~[authlib-4.0.43.jar:?]
	at com.mojang.authlib.yggdrasil.YggdrasilUserApiService.fetchProperties(YggdrasilUserApiService.java:156) ~[authlib-4.0.43.jar:?]
	at com.mojang.authlib.yggdrasil.YggdrasilUserApiService.<init>(YggdrasilUserApiService.java:55) ~[authlib-4.0.43.jar:?]
	at com.mojang.authlib.yggdrasil.YggdrasilAuthenticationService.createUserApiService(YggdrasilAuthenticationService.java:124) ~[authlib-4.0.43.jar:?]
	at net.minecraft.client.MinecraftClient.createUserApiService(MinecraftClient.java:733) ~[minecraft-clientOnly-8cc772c44b-1.20.1-net.fabricmc.yarn.1_20_1.1.20.1+build.10-v2.jar:?]
	at net.minecraft.client.MinecraftClient.<init>(MinecraftClient.java:442) ~[minecraft-clientOnly-8cc772c44b-1.20.1-net.fabricmc.yarn.1_20_1.1.20.1+build.10-v2.jar:?]
	at net.minecraft.client.main.Main.main(Main.java:211) ~[minecraft-clientOnly-8cc772c44b-1.20.1-net.fabricmc.yarn.1_20_1.1.20.1+build.10-v2.jar:?]
	at net.fabricmc.loader.impl.game.minecraft.MinecraftGameProvider.launch(MinecraftGameProvider.java:514) ~[fabric-loader-0.19.3.jar:?]
	at net.fabricmc.loader.impl.launch.knot.Knot.launch(Knot.java:72) ~[fabric-loader-0.19.3.jar:?]
	at net.fabricmc.loader.impl.launch.knot.KnotClient.main(KnotClient.java:23) ~[fabric-loader-0.19.3.jar:?]
	at net.fabricmc.devlaunchinjector.Main.main(Main.java:86) ~[dev-launch-injector-0.2.1+build.8.jar:?]
Caused by: com.mojang.authlib.exceptions.MinecraftClientHttpException: Status: 401
	at com.mojang.authlib.minecraft.client.MinecraftClient.readInputStream(MinecraftClient.java:85) ~[authlib-4.0.43.jar:?]
	at com.mojang.authlib.minecraft.client.MinecraftClient.get(MinecraftClient.java:48) ~[authlib-4.0.43.jar:?]
	at com.mojang.authlib.yggdrasil.YggdrasilUserApiService.fetchProperties(YggdrasilUserApiService.java:129) ~[authlib-4.0.43.jar:?]
	... 9 more
[21:04:26] [Render thread/INFO] (Minecraft) Setting user: Player401
[21:04:26] [Render thread/INFO] (origins-diversity) Wrapper for Origins Diversity initialized
[21:04:27] [Render thread/INFO] (Apoli) Apoli 2.9.0 has initialized. Ready to power up your game!
[21:04:27] [Render thread/INFO] (Origins) Origins 1.10.0 is initializing. Have fun!
[21:04:27] [Render thread/INFO] (Indigo) [Indigo] Registering Indigo renderer!
[21:04:28] [Worker-Main-1/INFO] (Mod Menu/Update Checker) Checking mod updates...
[21:04:28] [Render thread/INFO] (Minecraft) Backend library: LWJGL version 3.3.2-snapshot
[21:04:30] [Render thread/INFO] (Minecraft) Reloading ResourceManager: vanilla, fabric (fabric-rendering-v1, reach-entity-attributes, fabric-key-binding-api-v1, fabric-rendering-fluids-v1, fabric-renderer-registries-v1, fabric-recipe-api-v1, fabric-loot-tables-v1, fabric-rendering-v0, fabric-renderer-indigo, fabric-screen-api-v1, kanos_config, fabric-api, fabric-client-tags-api-v1, cardinal-components-base, fabric-item-api-v1, fabric-message-api-v1, pehkui, fabricloader, cardinal-components-entity, origins-diversity, fabric-convention-tags-v1, fabric-lifecycle-events-v1, fabric-networking-api-v1, fabric-events-lifecycle-v0, fabric-item-group-api-v1, calio, fabric-biome-api-v1, fabric-content-registries-v0, fabric-data-generation-api-v1, playerabilitylib, apoli, fabric-renderer-api-v1, fabric-block-api-v1, fabric-keybindings-v0, fabric-particles-v1, cloth-config, fabric-command-api-v2, fabric-blockrenderlayer-v1, fabric-rendering-data-attachment-v1, fabric-resource-conditions-api-v1, fabric-command-api-v1, fabric-screen-handler-api-v1, fabric-models-v0, additionalentityattributes, fabric-commands-v0, fabric-transfer-api-v1, fabric-api-lookup-api-v1, fabric-entity-events-v1, fabric-resource-loader-v0, fabric-object-builder-api-v1, fabric-mining-level-api-v1, fabric-crash-report-info-v1, fabric-model-loading-api-v1, fabric-loot-api-v2, puffish_attributes, fabric-containers-v0, fabric-block-view-api-v2, fabric-registry-sync-v0, fabric-dimensions-v1, fabric-gametest-api-v1, fabric-data-attachment-api-v1, fabric-events-interaction-v0, fabric-sound-api-v1, origins, modmenu, fabric-api-base, fabric-game-rule-api-v1, fabric-transitive-access-wideners-v1, fabric-networking-v0)
[21:04:30] [Worker-Main-12/INFO] (Minecraft) Found unifont_all_no_pua-15.0.06.hex, loading
[21:04:31] [Realms Notification Availability checker #1/INFO] (Minecraft) Could not authorize you against Realms server: java.lang.RuntimeException: Failed to parse into SignedJWT: FabricMC
[21:04:32] [Render thread/WARN] (Minecraft) Missing sound for event: minecraft:item.goat_horn.play
[21:04:32] [Render thread/WARN] (Minecraft) Missing sound for event: minecraft:entity.goat.screaming.horn_break
[21:04:32] [Render thread/INFO] (Minecraft) OpenAL initialized on device OpenAL Soft on Fones de ouvido (Realtek(R) Audio)
[21:04:32] [Render thread/INFO] (Minecraft) Sound engine started
[21:04:32] [Render thread/INFO] (Minecraft) Created: 1024x512x4 minecraft:textures/atlas/blocks.png-atlas
[21:04:32] [Render thread/INFO] (Minecraft) Created: 256x256x4 minecraft:textures/atlas/signs.png-atlas
[21:04:32] [Render thread/INFO] (Minecraft) Created: 512x512x4 minecraft:textures/atlas/banner_patterns.png-atlas
[21:04:32] [Render thread/INFO] (Minecraft) Created: 512x512x4 minecraft:textures/atlas/shield_patterns.png-atlas
[21:04:32] [Render thread/INFO] (Minecraft) Created: 1024x1024x4 minecraft:textures/atlas/armor_trims.png-atlas
[21:04:32] [Render thread/INFO] (Minecraft) Created: 256x256x4 minecraft:textures/atlas/chest.png-atlas
[21:04:32] [Render thread/INFO] (Minecraft) Created: 128x64x4 minecraft:textures/atlas/decorated_pot.png-atlas
[21:04:32] [Render thread/INFO] (Minecraft) Created: 512x256x4 minecraft:textures/atlas/beds.png-atlas
[21:04:32] [Render thread/INFO] (Minecraft) Created: 512x256x4 minecraft:textures/atlas/shulker_boxes.png-atlas
[21:04:33] [Render thread/WARN] (Minecraft) Shader rendertype_entity_translucent_emissive could not find sampler named Sampler2 in the specified shader program.
[21:04:33] [Render thread/INFO] (Minecraft) Created: 512x256x0 minecraft:textures/atlas/particles.png-atlas
[21:04:33] [Render thread/INFO] (Minecraft) Created: 256x256x0 minecraft:textures/atlas/paintings.png-atlas
[21:04:33] [Render thread/INFO] (Minecraft) Created: 128x128x0 minecraft:textures/atlas/mob_effects.png-atlas
[21:04:40] [Render thread/INFO] (Minecraft) Loaded 7 recipes
[21:04:40] [Render thread/INFO] (Minecraft) Loaded 1273 advancements
[21:04:40] [Render thread/INFO] (Apoli) Finished loading powers from data files. Registry contains 587 powers.
[21:04:40] [Render thread/INFO] (Origins) Finished loading origins from data files. Registry contains 40 origins.
[21:04:40] [Render thread/INFO] (Origins) Trying to read layer file: origins:origin
[21:04:40] [Render thread/INFO] (Origins) Trying to read layer file: origins:origin
[21:04:40] [Render thread/INFO] (Origins) Finished loading origin layers from data files. Read 1 layers.
[21:04:40] [Render thread/INFO] (Apoli) Loaded 0 global power sets.
[21:04:41] [Render thread/INFO] (BiomeModificationImpl) Applied 0 biome modifications to 0 of 64 new biomes in 2.300 ms
[21:04:41] [Server thread/INFO] (Minecraft) Starting integrated minecraft server version 1.20.1
[21:04:41] [Server thread/INFO] (Minecraft) Generating keypair
[21:04:43] [Server thread/INFO] (Minecraft) Preparing start region for dimension minecraft:overworld
[21:04:46] [Render thread/INFO] (Minecraft) Preparing spawn area: 0%
[21:04:46] [Render thread/INFO] (Minecraft) Preparing spawn area: 0%
[21:04:46] [Render thread/INFO] (Minecraft) Preparing spawn area: 0%
[21:04:46] [Render thread/INFO] (Minecraft) Preparing spawn area: 0%
[21:04:46] [Render thread/INFO] (Minecraft) Preparing spawn area: 0%
[21:04:46] [Render thread/INFO] (Minecraft) Preparing spawn area: 0%
[21:04:46] [Render thread/INFO] (Minecraft) Preparing spawn area: 0%
[21:04:46] [Render thread/INFO] (Minecraft) Preparing spawn area: 7%
[21:04:47] [Render thread/INFO] (Minecraft) Preparing spawn area: 83%
[21:04:47] [Render thread/INFO] (Minecraft) Time elapsed: 4078 ms
[21:04:47] [Server thread/INFO] (Minecraft) Changing view distance to 12, from 10
[21:04:47] [Server thread/INFO] (Minecraft) Changing simulation distance to 12, from 0
[21:04:48] [Server thread/INFO] (Minecraft) Player401[local:E:dca7713f] logged in with entity id 133 at (461.94852240997534, 66.0, -194.31517243125228)
[21:04:48] [Server thread/INFO] (Minecraft) [STDOUT]: TAIL POWER NULL
[21:04:48] [Server thread/INFO] (Minecraft) Player401 joined the game
[21:04:49] [Render thread/INFO] (Minecraft) Loaded 2 advancements
[21:05:09] [Render thread/INFO] (Minecraft) [System] [CHAT] Opened the selection GUI for 1 players
[21:05:09] [Server thread/INFO] (Minecraft) Saving and pausing game...
[21:05:09] [Server thread/INFO] (Minecraft) Saving chunks for level 'ServerLevel[New World]'/minecraft:overworld
[21:05:09] [Server thread/INFO] (Minecraft) Saving chunks for level 'ServerLevel[New World]'/minecraft:the_end
[21:05:09] [Server thread/INFO] (Minecraft) Saving chunks for level 'ServerLevel[New World]'/minecraft:the_nether
[21:05:13] [Server thread/INFO] (Origins) Player literal{Player401} chose Origin: origins-diversity:frog, for layer: origins:origin
[21:05:20] [Server thread/INFO] (Minecraft) Saving and pausing game...
[21:05:20] [Server thread/INFO] (Minecraft) Saving chunks for level 'ServerLevel[New World]'/minecraft:overworld
[21:05:20] [Server thread/INFO] (Minecraft) Saving chunks for level 'ServerLevel[New World]'/minecraft:the_end
[21:05:20] [Server thread/INFO] (Minecraft) Saving chunks for level 'ServerLevel[New World]'/minecraft:the_nether
[21:05:27] [Render thread/WARN] (Minecraft) Unable to play empty soundEvent: minecraft:entity.cod.ambient
[21:05:33] [Render thread/WARN] (Minecraft) Unable to play empty soundEvent: minecraft:entity.tropical_fish.ambient
[21:05:33] [Render thread/INFO] (Minecraft) Loaded 11 advancements
[21:05:41] [Render thread/INFO] (Minecraft) Stopping!
[21:05:41] [Server thread/INFO] (Minecraft) Player401 lost connection: Disconnected
[21:05:41] [Server thread/INFO] (Minecraft) Player401 left the game
[21:05:41] [Server thread/INFO] (Minecraft) Stopping singleplayer server as player logged out
[21:05:41] [Server thread/INFO] (Minecraft) Stopping server
[21:05:41] [Server thread/INFO] (Minecraft) Saving players
[21:05:41] [Server thread/INFO] (Minecraft) Saving worlds
[21:05:41] [Server thread/INFO] (Minecraft) Saving chunks for level 'ServerLevel[New World]'/minecraft:overworld
[21:05:42] [Server thread/INFO] (Minecraft) Saving chunks for level 'ServerLevel[New World]'/minecraft:the_end
[21:05:42] [Server thread/INFO] (Minecraft) Saving chunks for level 'ServerLevel[New World]'/minecraft:the_nether
[21:05:42] [Server thread/INFO] (Minecraft) ThreadedAnvilChunkStorage (New World): All chunks are saved
[21:05:42] [Server thread/INFO] (Minecraft) ThreadedAnvilChunkStorage (DIM1): All chunks are saved
[21:05:42] [Server thread/INFO] (Minecraft) ThreadedAnvilChunkStorage (DIM-1): All chunks are saved
[21:05:42] [Server thread/INFO] (Minecraft) ThreadedAnvilChunkStorage: All dimensions are saved
